; -------------------------------------------------
; List taken from "The Undocumented Z80 Documented"
; Chapter 9 Instructions Sorted by Opcode
; *** marks undocumented instruction
;--------------------------------------------------

; Page 36

00          | NOP
01 80 C8    | LD BC,C880h
02          | LD (BC),A
03          | INC BC
04          | INC B
05          | DEC B
06 AD       | LD B,ADh
07          | RLCA
08          | EX AF,AF'
09          | ADD HL,BC
0A          | LD A,(BC)
0B          | DEC BC
0C          | INC C
0D          | DEC C
0E B5       | LD C,B5h
0F          | RRCA
10 38       | DJNZ $+3Ah
11 32 DC    | LD DE,DC32h
12          | LD (DE),A
13          | INC DE
14          | INC D
15          | DEC D
16 2B       | LD D,2Bh
17          | RLA
18 99       | JR $-65h
19          | ADD HL,DE
1A          | LD A,(DE)
1B          | DEC DE
1C          | INC E
1D          | DEC E
1E C3       | LD E,C3h
1F          | RRA
20 05       | JR NZ,$+7h
21 11 9E    | LD HL,9E11h
22 0B 2B    | LD (2B0Bh),HL
23          | INC HL
24          | INC H
25          | DEC H
26 6E       | LD H,6Eh
27          | DAA
28 06       | JR Z,$+8h
29          | ADD HL,HL
2A 33 CA    | LD HL,(CA33h)
2B          | DEC HL
2C          | INC L
2D          | DEC L
2E B4       | LD L,B4h
2F          | CPL
30 DB       | JR NC,$-23h
31 30 17    | LD SP,1730h
32 90 60    | LD (6090h),A
33          | INC SP
34          | INC (HL)
35          | DEC (HL)
36 7D       | LD (HL),7Dh
37          | SCF
38 1B       | JR C,$+1Dh
39          | ADD HL,SP
3A 65 6C    | LD A,(6C65h)
3B          | DEC SP
3C          | INC A
3D          | DEC A
3E 56       | LD A,56h
3F          | CCF
40          | LD B,B
41          | LD B,C
42          | LD B,D
43          | LD B,E
44          | LD B,H
45          | LD B,L
46          | LD B,(HL)
47          | LD B,A
48          | LD C,B
49          | LD C,C
4A          | LD C,D
4B          | LD C,E
4C          | LD C,H
4D          | LD C,L
4E          | LD C,(HL)
4F          | LD C,A
50          | LD D,B
51          | LD D,C
52          | LD D,D
53          | LD D,E
54          | LD D,H
55          | LD D,L
56          | LD D,(HL)
57          | LD D,A
58          | LD E,B
59          | LD E,C
5A          | LD E,D
5B          | LD E,E
5C          | LD E,H
5D          | LD E,L
5E          | LD E,(HL)
5F          | LD E,A
60          | LD H,B
61          | LD H,C
62          | LD H,D
63          | LD H,E
64          | LD H,H
65          | LD H,L
66          | LD H,(HL)
67          | LD H,A
68          | LD L,B
69          | LD L,C
6A          | LD L,D
6B          | LD L,E
6C          | LD L,H
6D          | LD L,L
6E          | LD L,(HL)
6F          | LD L,A
70          | LD (HL),B
71          | LD (HL),C
72          | LD (HL),D
73          | LD (HL),E
74          | LD (HL),H
75          | LD (HL),L
76          | HALT
77          | LD (HL),A
78          | LD A,B
79          | LD A,C
7A          | LD A,D
7B          | LD A,E
7C          | LD A,H
7D          | LD A,L
7E          | LD A,(HL)
7F          | LD A,A
80          | ADD A,B
81          | ADD A,C
82          | ADD A,D
83          | ADD A,E
84          | ADD A,H
85          | ADD A,L
86          | ADD A,(HL)
87          | ADD A,A
88          | ADC A,B
89          | ADC A,C
8A          | ADC A,D
8B          | ADC A,E
8C          | ADC A,H
8D          | ADC A,L
8E          | ADC A,(HL)
8F          | ADC A,A
90          | SUB B
91          | SUB C
92          | SUB D
93          | SUB E
94          | SUB H
95          | SUB L
96          | SUB (HL)
97          | SUB A
98          | SBC A,B
99          | SBC A,C
9A          | SBC A,D
9B          | SBC A,E
9C          | SBC A,H
9D          | SBC A,L
9E          | SBC A,(HL)
9F          | SBC A,A
A0          | AND B
A1          | AND C
A2          | AND D
A3          | AND E
A4          | AND H

; Page 37

A5          | AND L
A6          | AND (HL)
A7          | AND A
A8          | XOR B
A9          | XOR C
AA          | XOR D
AB          | XOR E
AC          | XOR H
AD          | XOR L
AE          | XOR (HL)
AF          | XOR A
B0          | OR B
B1          | OR C
B2          | OR D
B3          | OR E
B4          | OR H
B5          | OR L
B6          | OR (HL)
B7          | OR A
B8          | CP B
B9          | CP C
BA          | CP D
BB          | CP E
BC          | CP H
BD          | CP L
BE          | CP (HL)
BF          | CP A
C0          | RET NZ
C1          | POP BC
C2 AA 62    | JP NZ,62AAh
C3 1A 0A    | JP A1Ah
C4 81 14    | CALL NZ,1481h
C5          | PUSH BC
C6 82       | ADD A,82h
C7          | RST 0h
C8          | RET Z
C9          | RET
CA 9D 09    | JP Z,99Dh
CB 00       | RLC B
CB 01       | RLC C
CB 02       | RLC D
CB 03       | RLC E
CB 04       | RLC H
CB 05       | RLC L
CB 06       | RLC (HL)
CB 07       | RLC A
CB 08       | RRC B
CB 09       | RRC C
CB 0A       | RRC D
CB 0B       | RRC E
CB 0C       | RRC H
CB 0D       | RRC L
CB 0E       | RRC (HL)
CB 0F       | RRC A
CB 10       | RL B
CB 11       | RL C
CB 12       | RL D
CB 13       | RL E
CB 14       | RL H
CB 15       | RL L
CB 16       | RL (HL)
CB 17       | RL A
CB 18       | RR B
CB 19       | RR C
CB 1A       | RR D
CB 1B       | RR E
CB 1C       | RR H
CB 1D       | RR L
CB 1E       | RR (HL)
CB 1F       | RR A
CB 20       | SLA B
CB 21       | SLA C
CB 22       | SLA D
CB 23       | SLA E
CB 24       | SLA H
CB 25       | SLA L
CB 26       | SLA (HL)
CB 27       | SLA A
CB 28       | SRA B
CB 29       | SRA C
CB 2A       | SRA D
CB 2B       | SRA E
CB 2C       | SRA H
CB 2D       | SRA L
CB 2E       | SRA (HL)
CB 2F       | SRA A
CB 30       | SLL B; ***
CB 31       | SLL C; ***
CB 32       | SLL D; ***
CB 33       | SLL E; ***
CB 34       | SLL H; ***
CB 35       | SLL L; ***
CB 36       | SLL (HL); ***
CB 37       | SLL A; ***
CB 38       | SRL B
CB 39       | SRL C
CB 3A       | SRL D
CB 3B       | SRL E
CB 3C       | SRL H
CB 3D       | SRL L
CB 3E       | SRL (HL)
CB 3F       | SRL A
CB 40       | BIT 0,B
CB 41       | BIT 0,C
CB 42       | BIT 0,D
CB 43       | BIT 0,E
CB 44       | BIT 0,H
CB 45       | BIT 0,L
CB 46       | BIT 0,(HL)
CB 47       | BIT 0,A
CB 48       | BIT 1,B
CB 49       | BIT 1,C
CB 4A       | BIT 1,D
CB 4B       | BIT 1,E
CB 4C       | BIT 1,H
CB 4D       | BIT 1,L
CB 4E       | BIT 1,(HL)
CB 4F       | BIT 1,A
CB 50       | BIT 2,B
CB 51       | BIT 2,C
CB 52       | BIT 2,D
CB 53       | BIT 2,E
CB 54       | BIT 2,H
CB 55       | BIT 2,L
CB 56       | BIT 2,(HL)
CB 57       | BIT 2,A
CB 58       | BIT 3,B
CB 59       | BIT 3,C
CB 5A       | BIT 3,D
CB 5B       | BIT 3,E
CB 5C       | BIT 3,H
CB 5D       | BIT 3,L
CB 5E       | BIT 3,(HL)
CB 5F       | BIT 3,A
CB 60       | BIT 4,B
CB 61       | BIT 4,C
CB 62       | BIT 4,D
CB 63       | BIT 4,E
CB 64       | BIT 4,H
CB 65       | BIT 4,L
CB 66       | BIT 4,(HL)
CB 67       | BIT 4,A
CB 68       | BIT 5,B
CB 69       | BIT 5,C
CB 6A       | BIT 5,D
CB 6B       | BIT 5,E
CB 6C       | BIT 5,H
CB 6D       | BIT 5,L
CB 6E       | BIT 5,(HL)
CB 6F       | BIT 5,A
CB 70       | BIT 6,B
CB 71       | BIT 6,C
CB 72       | BIT 6,D
CB 73       | BIT 6,E
CB 74       | BIT 6,H
CB 75       | BIT 6,L
CB 76       | BIT 6,(HL)
CB 77       | BIT 6,A
CB 78       | BIT 7,B
CB 79       | BIT 7,C
CB 7A       | BIT 7,D
CB 7B       | BIT 7,E
CB 7C       | BIT 7,H
CB 7D       | BIT 7,L
CB 7E       | BIT 7,(HL)
CB 7F       | BIT 7,A
CB 80       | RES 0,B
CB 81       | RES 0,C
CB 82       | RES 0,D
CB 83       | RES 0,E
CB 84       | RES 0,H
CB 85       | RES 0,L
CB 86       | RES 0,(HL)
CB 87       | RES 0,A
CB 88       | RES 1,B
CB 89       | RES 1,C
CB 8A       | RES 1,D
CB 8B       | RES 1,E
CB 8C       | RES 1,H
CB 8D       | RES 1,L
CB 8E       | RES 1,(HL)
CB 8F       | RES 1,A
CB 90       | RES 2,B
CB 91       | RES 2,C
CB 92       | RES 2,D
CB 93       | RES 2,E
CB 94       | RES 2,H
CB 95       | RES 2,L
CB 96       | RES 2,(HL)
CB 97       | RES 2,A
CB 98       | RES 3,B
CB 99       | RES 3,C
CB 9A       | RES 3,D
CB 9B       | RES 3,E
CB 9C       | RES 3,H
CB 9D       | RES 3,L
CB 9E       | RES 3,(HL)
CB 9F       | RES 3,A
CB A0       | RES 4,B
CB A1       | RES 4,C
CB A2       | RES 4,D
CB A3       | RES 4,E
CB A4       | RES 4,H
CB A5       | RES 4,L
CB A6       | RES 4,(HL)
CB A7       | RES 4,A
CB A8       | RES 5,B
CB A9       | RES 5,C
CB AA       | RES 5,D
CB AB       | RES 5,E
CB AC       | RES 5,H
CB AD       | RES 5,L
CB AE       | RES 5,(HL)
CB AF       | RES 5,A
CB B0       | RES 6,B
CB B1       | RES 6,C
CB B2       | RES 6,D
CB B3       | RES 6,E
CB B4       | RES 6,H
CB B5       | RES 6,L
CB B6       | RES 6,(HL)
CB B7       | RES 6,A
CB B8       | RES 7,B
CB B9       | RES 7,C
CB BA       | RES 7,D
CB BB       | RES 7,E
CB BC       | RES 7,H
CB BD       | RES 7,L
CB BE       | RES 7,(HL)
CB BF       | RES 7,A
CB C0       | SET 0,B
CB C1       | SET 0,C
CB C2       | SET 0,D
CB C3       | SET 0,E
CB C4       | SET 0,H
CB C5       | SET 0,L
CB C6       | SET 0,(HL)
CB C7       | SET 0,A
CB C8       | SET 1,B
CB C9       | SET 1,C

; Page 38

CB CA       | SET 1,D
CB CB       | SET 1,E
CB CC       | SET 1,H
CB CD       | SET 1,L
CB CE       | SET 1,(HL)
CB CF       | SET 1,A
CB D0       | SET 2,B
CB D1       | SET 2,C
CB D2       | SET 2,D
CB D3       | SET 2,E
CB D4       | SET 2,H
CB D5       | SET 2,L
CB D6       | SET 2,(HL)
CB D7       | SET 2,A
CB D8       | SET 3,B
CB D9       | SET 3,C
CB DA       | SET 3,D
CB DB       | SET 3,E
CB DC       | SET 3,H
CB DD       | SET 3,L
CB DE       | SET 3,(HL)
CB DF       | SET 3,A
CB E0       | SET 4,B
CB E1       | SET 4,C
CB E2       | SET 4,D
CB E3       | SET 4,E
CB E4       | SET 4,H
CB E5       | SET 4,L
CB E6       | SET 4,(HL)
CB E7       | SET 4,A
CB E8       | SET 5,B
CB E9       | SET 5,C
CB EA       | SET 5,D
CB EB       | SET 5,E
CB EC       | SET 5,H
CB ED       | SET 5,L
CB EE       | SET 5,(HL)
CB EF       | SET 5,A
CB F0       | SET 6,B
CB F1       | SET 6,C
CB F2       | SET 6,D
CB F3       | SET 6,E
CB F4       | SET 6,H
CB F5       | SET 6,L
CB F6       | SET 6,(HL)
CB F7       | SET 6,A
CB F8       | SET 7,B
CB F9       | SET 7,C
CB FA       | SET 7,D
CB FB       | SET 7,E
CB FC       | SET 7,H
CB FD       | SET 7,L
CB FE       | SET 7,(HL)
CB FF       | SET 7,A
CC 3F B0    | CALL Z,B03Fh
CD A9 B7    | CALL B7A9h
CE 74       | ADC A,74h
CF          | RST 8h
D0          | RET NC
D1          | POP DE
D2 5A 29    | JP NC,295Ah
D3 CA       | OUT (CAh),A
D4 44 29    | CALL NC,2944h
D5          | PUSH DE
D6 B6       | SUB B6h
D7          | RST 10h
D8          | RET C
D9          | EXX
DA 9B B8    | JP C,B89Bh
DB A6       | IN A,(A6h)
DC 80 8D    | CALL C,8D80h
DD 09       | ADD IX,BC
DD 19       | ADD IX,DE
DD 21 0D EA | LD IX,EA0Dh
DD 22 25 AC | LD (AC25h),IX
DD 23       | INC IX
DD 24       | INC IXH; ***
DD 25       | DEC IXH; ***
DD 26 A8    | LD IXH,A8h; ***
DD 29       | ADD IX,IX
DD 2A E6 32 | LD IX,(32E6h)
DD 2B       | DEC IX
DD 2C       | INC IXL; ***
DD 2D       | DEC IXL; ***
DD 2E EA    | LD IXL,EAh; ***
DD 34 D3    | INC (IX-2Dh)
DD 35 C2    | DEC (IX-3Eh)
DD 36 3B 93 | LD (IX+3Bh),93h
DD 39       | ADD IX,SP
DD 44       | LD B,IXH; ***
DD 45       | LD B,IXL; ***
DD 46 BA    | LD B,(IX-46h)
DD 4C       | LD C,IXH; ***
DD 4D       | LD C,IXL; ***
DD 4E AD    | LD C,(IX-53h)
DD 54       | LD D,IXH; ***
DD 55       | LD D,IXL; ***
DD 56 B1    | LD D,(IX-4Fh)
DD 5C       | LD E,IXH; ***
DD 5D       | LD E,IXL; ***
DD 5E C5    | LD E,(IX-3Bh)
DD 60       | LD IXH,B; ***
DD 61       | LD IXH,C; ***
DD 62       | LD IXH,D; ***
DD 63       | LD IXH,E; ***
DD 64       | LD IXH,IXH; ***
DD 65       | LD IXH,IXL; ***
DD 66 CC    | LD H,(IX-34h)
DD 67       | LD IXH,A; ***
DD 68       | LD IXL,B; ***
DD 69       | LD IXL,C; ***
DD 6A       | LD IXL,D; ***
DD 6B       | LD IXL,E; ***
DD 6C       | LD IXL,IXH; ***
DD 6D       | LD IXL,IXL; ***
DD 6E 0A    | LD L,(IX+Ah)
DD 6F       | LD IXL,A; ***
DD 70 91    | LD (IX-6Fh),B
DD 71 33    | LD (IX+33h),C
DD 72 AC    | LD (IX-54h),D
DD 73 00    | LD (IX+0h),E
DD 74 43    | LD (IX+43h),H
DD 75 CA    | LD (IX-36h),L
DD 77 92    | LD (IX-6Eh),A
DD 7C       | LD A,IXH; ***
DD 7D       | LD A,IXL; ***
DD 7E 3E    | LD A,(IX+3Eh)
DD 84       | ADD A,IXH; ***
DD 85       | ADD A,IXL; ***
DD 86 FB    | ADD A,(IX-5h)
DD 8C       | ADC A,IXH; ***
DD 8D       | ADC A,IXL; ***
DD 8E 97    | ADC A,(IX-69h)
DD 94       | SUB IXH; ***
DD 95       | SUB IXL; ***
DD 96 90    | SUB (IX-70h)
DD 9C       | SBC A,IXH; ***
DD 9D       | SBC A,IXL; ***
DD 9E 10    | SBC A,(IX+10h)
DD A4       | AND IXH; ***
DD A5       | AND IXL; ***
DD A6 6E    | AND (IX+6Eh)
DD AC       | XOR IXH; ***
DD AD       | XOR IXL; ***
DD AE 94    | XOR (IX-6Ch)
DD B4       | OR IXH; ***
DD B5       | OR IXL; ***
DD B6 99    | OR (IX-67h)
DD BC       | CP IXH; ***
DD BD       | CP IXL; ***
DD BE 98    | CP (IX-68h)
DD CB 52 00 | RLC (IX+52h),B; ***
DD CB 53 01 | RLC (IX+53h),C; ***
DD CB EF 02 | RLC (IX-11h),D; ***
DD CB 8B 03 | RLC (IX-75h),E; ***
DD CB 43 04 | RLC (IX+43h),H; ***
DD CB 10 05 | RLC (IX+10h),L; ***
DD CB 02 06 | RLC (IX+2h)
DD CB 86 07 | RLC (IX-7Ah),A; ***
DD CB DD 08 | RRC (IX-23h),B; ***
DD CB 7C 09 | RRC (IX+7Ch),C; ***
DD CB 63 0A | RRC (IX+63h),D; ***
DD CB 21 0B | RRC (IX+21h),E; ***
DD CB 76 0C | RRC (IX+76h),H; ***
DD CB 78 0D | RRC (IX+78h),L; ***
DD CB 69 0E | RRC (IX+69h)
DD CB 4D 0F | RRC (IX+4Dh),A; ***
DD CB D8 10 | RL (IX-28h),B; ***
DD CB 8D 11 | RL (IX-73h),C; ***
DD CB 27 12 | RL (IX+27h),D; ***
DD CB FD 13 | RL (IX-3h),E; ***
DD CB 74 14 | RL (IX+74h),H; ***
DD CB DA 15 | RL (IX-26h),L; ***
DD CB D8 16 | RL (IX-28h)
DD CB 37 17 | RL (IX+37h),A; ***
DD CB 5D 18 | RR (IX+5Dh),B; ***
DD CB B3 19 | RR (IX-4Dh),C; ***
DD CB 4A 1A | RR (IX+4Ah),D; ***
DD CB 1B 1B | RR (IX+1Bh),E; ***
DD CB 95 1C | RR (IX-6Bh),H; ***
DD CB EE 1D | RR (IX-12h),L; ***
DD CB 72 1E | RR (IX+72h)
DD CB 01 1F | RR (IX+1h),A; ***
DD CB B3 20 | SLA (IX-4Dh),B; ***
DD CB 89 21 | SLA (IX-77h),C; ***
DD CB 93 22 | SLA (IX-6Dh),D; ***
DD CB 84 23 | SLA (IX-7Ch),E; ***
DD CB 51 24 | SLA (IX+51h),H; ***
DD CB 54 25 | SLA (IX+54h),L; ***
DD CB 05 26 | SLA (IX+5h)
DD CB 0F 27 | SLA (IX+Fh),A; ***
DD CB 36 28 | SRA (IX+36h),B; ***
DD CB 80 29 | SRA (IX-80h),C; ***
DD CB C1 2A | SRA (IX-3Fh),D; ***
DD CB BC 2B | SRA (IX-44h),E; ***
DD CB 44 2C | SRA (IX+44h),H; ***
DD CB 9B 2D | SRA (IX-65h),L; ***
DD CB 74 2E | SRA (IX+74h)
DD CB 4F 2F | SRA (IX+4Fh),A; ***
DD CB 7F 30 | SLL (IX+7Fh),B; ***
DD CB 56 31 | SLL (IX+56h),C; ***
DD CB 8E 32 | SLL (IX-72h),D; ***
DD CB 59 33 | SLL (IX+59h),E; ***
DD CB 2D 34 | SLL (IX+2Dh),H; ***
DD CB 85 35 | SLL (IX-7Bh),L; ***
DD CB 00 36 | SLL (IX+0h); ***
DD CB 4F 37 | SLL (IX+4Fh),A; ***
DD CB C0 38 | SRL (IX-40h),B; ***
DD CB 8C 39 | SRL (IX-74h),C; ***
DD CB D7 3A | SRL (IX-29h),D; ***
DD CB 64 3B | SRL (IX+64h),E; ***
DD CB 9D 3C | SRL (IX-63h),H; ***
DD CB 17 3D | SRL (IX+17h),L; ***
DD CB 67 3E | SRL (IX+67h)
DD CB 57 3F | SRL (IX+57h),A; ***
DD CB 99 40 | BIT 0,(IX-67h); ***
DD CB 13 41 | BIT 0,(IX+13h); ***
DD CB 13 42 | BIT 0,(IX+13h); ***
DD CB F9 43 | BIT 0,(IX-7h); ***
DD CB 68 44 | BIT 0,(IX+68h); ***
DD CB AA 45 | BIT 0,(IX-56h); ***
DD CB 70 46 | BIT 0,(IX+70h)
DD CB 7B 47 | BIT 0,(IX+7Bh); ***
DD CB D6 48 | BIT 1,(IX-2Ah); ***
DD CB D4 49 | BIT 1,(IX-2Ch); ***
DD CB 66 4A | BIT 1,(IX+66h); ***
DD CB 28 4B | BIT 1,(IX+28h); ***
DD CB 61 4C | BIT 1,(IX+61h); ***
DD CB 44 4D | BIT 1,(IX+44h); ***
DD CB C2 4E | BIT 1,(IX-3Eh)
DD CB 6A 4F | BIT 1,(IX+6Ah); ***
DD CB D2 50 | BIT 2,(IX-2Eh); ***
DD CB E5 51 | BIT 2,(IX-1Bh); ***
DD CB BC 52 | BIT 2,(IX-44h); ***
DD CB 51 53 | BIT 2,(IX+51h); ***
DD CB 84 54 | BIT 2,(IX-7Ch); ***
DD CB BA 55 | BIT 2,(IX-46h); ***
DD CB 87 56 | BIT 2,(IX-79h)
DD CB 89 57 | BIT 2,(IX-77h); ***
DD CB BF 58 | BIT 3,(IX-41h); ***

; Page 39

DD CB FF 59 | BIT 3,(IX-1h); ***
DD CB 9E 5A | BIT 3,(IX-62h); ***
DD CB 87 5B | BIT 3,(IX-79h); ***
DD CB 12 5C | BIT 3,(IX+12h); ***
DD CB 4F 5D | BIT 3,(IX+4Fh); ***
DD CB 4F 5E | BIT 3,(IX+4Fh)
DD CB E5 5F | BIT 3,(IX-1Bh); ***
DD CB 02 60 | BIT 4,(IX+2h); ***
DD CB FD 61 | BIT 4,(IX-3h); ***
DD CB A6 62 | BIT 4,(IX-5Ah); ***
DD CB 08 63 | BIT 4,(IX+8h); ***
DD CB 45 64 | BIT 4,(IX+45h); ***
DD CB 06 65 | BIT 4,(IX+6h); ***
DD CB AF 66 | BIT 4,(IX-51h)
DD CB 1A 67 | BIT 4,(IX+1Ah); ***
DD CB 64 68 | BIT 5,(IX+64h); ***
DD CB 85 69 | BIT 5,(IX-7Bh); ***
DD CB 2B 6A | BIT 5,(IX+2Bh); ***
DD CB D3 6B | BIT 5,(IX-2Dh); ***
DD CB 57 6C | BIT 5,(IX+57h); ***
DD CB A7 6D | BIT 5,(IX-59h); ***
DD CB DB 6E | BIT 5,(IX-25h)
DD CB 57 6F | BIT 5,(IX+57h); ***
DD CB B8 70 | BIT 6,(IX-48h); ***
DD CB 43 71 | BIT 6,(IX+43h); ***
DD CB 49 72 | BIT 6,(IX+49h); ***
DD CB C5 73 | BIT 6,(IX-3Bh); ***
DD CB CE 74 | BIT 6,(IX-32h); ***
DD CB 12 75 | BIT 6,(IX+12h); ***
DD CB 53 76 | BIT 6,(IX+53h)
DD CB F8 77 | BIT 6,(IX-8h); ***
DD CB 8C 78 | BIT 7,(IX-74h); ***
DD CB 8D 79 | BIT 7,(IX-73h); ***
DD CB C9 7A | BIT 7,(IX-37h); ***
DD CB 79 7B | BIT 7,(IX+79h); ***
DD CB 75 7C | BIT 7,(IX+75h); ***
DD CB B7 7D | BIT 7,(IX-49h); ***
DD CB 26 7E | BIT 7,(IX+26h)
DD CB 22 7F | BIT 7,(IX+22h); ***
DD CB BF 80 | RES 0,(IX-41h),B; ***
DD CB 5A 81 | RES 0,(IX+5Ah),C; ***
DD CB 52 82 | RES 0,(IX+52h),D; ***
DD CB 36 83 | RES 0,(IX+36h),E; ***
DD CB BC 84 | RES 0,(IX-44h),H; ***
DD CB 80 85 | RES 0,(IX-80h),L; ***
DD CB DF 86 | RES 0,(IX-21h)
DD CB 97 87 | RES 0,(IX-69h),A; ***
DD CB 7C 88 | RES 1,(IX+7Ch),B; ***
DD CB 0D 89 | RES 1,(IX+Dh),C; ***
DD CB F5 8A | RES 1,(IX-Bh),D; ***
DD CB 2B 8B | RES 1,(IX+2Bh),E; ***
DD CB 18 8C | RES 1,(IX+18h),H; ***
DD CB 42 8D | RES 1,(IX+42h),L; ***
DD CB A1 8E | RES 1,(IX-5Fh)
DD CB 57 8F | RES 1,(IX+57h),A; ***
DD CB C1 90 | RES 2,(IX-3Fh),B; ***
DD CB 2F 91 | RES 2,(IX+2Fh),C; ***
DD CB B7 92 | RES 2,(IX-49h),D; ***
DD CB F8 93 | RES 2,(IX-8h),E; ***
DD CB EA 94 | RES 2,(IX-16h),H; ***
DD CB 64 95 | RES 2,(IX+64h),L; ***
DD CB 59 96 | RES 2,(IX+59h)
DD CB 4F 97 | RES 2,(IX+4Fh),A; ***
DD CB D9 98 | RES 3,(IX-27h),B; ***
DD CB 8B 99 | RES 3,(IX-75h),C; ***
DD CB 0D 9A | RES 3,(IX+Dh),D; ***
DD CB 44 9B | RES 3,(IX+44h),E; ***
DD CB 3F 9C | RES 3,(IX+3Fh),H; ***
DD CB 07 9D | RES 3,(IX+7h),L; ***
DD CB 0B 9E | RES 3,(IX+Bh)
DD CB 46 9F | RES 3,(IX+46h),A; ***
DD CB 37 A0 | RES 4,(IX+37h),B; ***
DD CB 18 A1 | RES 4,(IX+18h),C; ***
DD CB B9 A2 | RES 4,(IX-47h),D; ***
DD CB 56 A3 | RES 4,(IX+56h),E; ***
DD CB 38 A4 | RES 4,(IX+38h),H; ***
DD CB B3 A5 | RES 4,(IX-4Dh),L; ***
DD CB AB A6 | RES 4,(IX-55h)
DD CB CE A7 | RES 4,(IX-32h),A; ***
DD CB C1 A8 | RES 5,(IX-3Fh),B; ***
DD CB BC A9 | RES 5,(IX-44h),C; ***
DD CB B7 AA | RES 5,(IX-49h),D; ***
DD CB F4 AB | RES 5,(IX-Ch),E; ***
DD CB F4 AC | RES 5,(IX-Ch),H; ***
DD CB E1 AD | RES 5,(IX-1Fh),L; ***
DD CB 54 AE | RES 5,(IX+54h)
DD CB AB AF | RES 5,(IX-55h),A; ***
DD CB B0 B0 | RES 6,(IX-50h),B; ***
DD CB 19 B1 | RES 6,(IX+19h),C; ***
DD CB 66 B2 | RES 6,(IX+66h),D; ***
DD CB 0E B3 | RES 6,(IX+Eh),E; ***
DD CB 17 B4 | RES 6,(IX+17h),H; ***
DD CB 54 B5 | RES 6,(IX+54h),L; ***
DD CB 88 B6 | RES 6,(IX-78h)
DD CB 92 B7 | RES 6,(IX-6Eh),A; ***
DD CB 11 B8 | RES 7,(IX+11h),B; ***
DD CB F2 B9 | RES 7,(IX-Eh),C; ***
DD CB D9 BA | RES 7,(IX-27h),D; ***
DD CB 80 BB | RES 7,(IX-80h),E; ***
DD CB 54 BC | RES 7,(IX+54h),H; ***
DD CB 24 BD | RES 7,(IX+24h),L; ***
DD CB B9 BE | RES 7,(IX-47h)
DD CB FF BF | RES 7,(IX-1h),A; ***
DD CB F6 C0 | SET 0,(IX-Ah),B; ***
DD CB A0 C1 | SET 0,(IX-60h),C; ***
DD CB A5 C2 | SET 0,(IX-5Bh),D; ***
DD CB 78 C3 | SET 0,(IX+78h),E; ***
DD CB 0C C4 | SET 0,(IX+Ch),H; ***
DD CB AB C5 | SET 0,(IX-55h),L; ***
DD CB B2 C6 | SET 0,(IX-4Eh)
DD CB 87 C7 | SET 0,(IX-79h),A; ***
DD CB 4A C8 | SET 1,(IX+4Ah),B; ***
DD CB E2 C9 | SET 1,(IX-1Eh),C; ***
DD CB 96 CA | SET 1,(IX-6Ah),D; ***
DD CB 88 CB | SET 1,(IX-78h),E; ***
DD CB 1E CC | SET 1,(IX+1Eh),H; ***
DD CB 92 CD | SET 1,(IX-6Eh),L; ***
DD CB B8 CE | SET 1,(IX-48h)
DD CB 9A CF | SET 1,(IX-66h),A; ***
DD CB 5B D0 | SET 2,(IX+5Bh),B; ***
DD CB 30 D1 | SET 2,(IX+30h),C; ***
DD CB 87 D2 | SET 2,(IX-79h),D; ***
DD CB 70 D3 | SET 2,(IX+70h),E; ***
DD CB F5 D4 | SET 2,(IX-Bh),H; ***
DD CB 87 D5 | SET 2,(IX-79h),L; ***
DD CB E5 D6 | SET 2,(IX-1Bh)
DD CB 76 D7 | SET 2,(IX+76h),A; ***
DD CB 96 D8 | SET 3,(IX-6Ah),B; ***
DD CB ED D9 | SET 3,(IX-13h),C; ***
DD CB 16 DA | SET 3,(IX+16h),D; ***
DD CB 2F DB | SET 3,(IX+2Fh),E; ***
DD CB C6 DC | SET 3,(IX-3Ah),H; ***
DD CB 4F DD | SET 3,(IX+4Fh),L; ***
DD CB A8 DE | SET 3,(IX-58h)
DD CB 5E DF | SET 3,(IX+5Eh),A; ***
DD CB 3A E0 | SET 4,(IX+3Ah),B; ***
DD CB 6D E1 | SET 4,(IX+6Dh),C; ***
DD CB 67 E2 | SET 4,(IX+67h),D; ***
DD CB CC E3 | SET 4,(IX-34h),E; ***
DD CB 19 E4 | SET 4,(IX+19h),H; ***
DD CB 5C E5 | SET 4,(IX+5Ch),L; ***
DD CB 8E E6 | SET 4,(IX-72h)
DD CB D9 E7 | SET 4,(IX-27h),A; ***
DD CB 7B E8 | SET 5,(IX+7Bh),B; ***
DD CB 3B E9 | SET 5,(IX+3Bh),C; ***
DD CB AD EA | SET 5,(IX-53h),D; ***
DD CB E6 EB | SET 5,(IX-1Ah),E; ***
DD CB CB EC | SET 5,(IX-35h),H; ***
DD CB 88 ED | SET 5,(IX-78h),L; ***
DD CB A1 EE | SET 5,(IX-5Fh)
DD CB 89 EF | SET 5,(IX-77h),A; ***
DD CB 8C F0 | SET 6,(IX-74h),B; ***
DD CB 1D F1 | SET 6,(IX+1Dh),C; ***
DD CB 5B F2 | SET 6,(IX+5Bh),D; ***
DD CB 80 F3 | SET 6,(IX-80h),E; ***
DD CB F5 F4 | SET 6,(IX-Bh),H; ***
DD CB 39 F5 | SET 6,(IX+39h),L; ***
DD CB 44 F6 | SET 6,(IX+44h)
DD CB 30 F7 | SET 6,(IX+30h),A; ***
DD CB B3 F8 | SET 7,(IX-4Dh),B; ***
DD CB E9 F9 | SET 7,(IX-17h),C; ***
DD CB 38 FA | SET 7,(IX+38h),D; ***
DD CB CA FB | SET 7,(IX-36h),E; ***
DD CB C4 FC | SET 7,(IX-3Ch),H; ***
DD CB C2 FD | SET 7,(IX-3Eh),L; ***
DD CB 55 FE | SET 7,(IX+55h)
DD CB C1 FF | SET 7,(IX-3Fh),A; ***
DD E1       | POP IX
DD E3       | EX (SP),IX
DD E5       | PUSH IX
DD E9       | JP (IX)
DD F9       | LD SP,IX
DE 1F       | SBC A,1Fh
DF          | RST 18h
E0          | RET PO
E1          | POP HL
E2 6E 2F    | JP PO,2F6Eh
E3          | EX (SP),HL
E4 8C D8    | CALL PO,D88Ch
E5          | PUSH HL
E6 66       | AND 66h
E7          | RST 20h
E8          | RET PE
E9          | JP (HL)
EA 32 30    | JP PE,3032h
EB          | EX DE,HL
EC D5 CB    | CALL PE,CBD5h
ED 40       | IN B,(C)
ED 41       | OUT (C),B
ED 42       | SBC HL,BC
ED 43 B9 78 | LD (78B9h),BC
ED 44       | NEG
ED 45       | RETN
ED 46       | IM 0
ED 47       | LD I,A
ED 48       | IN C,(C)
ED 49       | OUT (C),C
ED 4A       | ADC HL,BC
ED 4B 10 05 | LD BC,(510h)
ED 4C       | NEG; ***
ED 4D       | RETI
ED 4E       | IM 0; ***
ED 4F       | LD R,A
ED 50       | IN D,(C)
ED 51       | OUT (C),D
ED 52       | SBC HL,DE
ED 53 13 44 | LD (4413h),DE
ED 54       | NEG; ***
ED 55       | RETN; ***
ED 56       | IM 1
ED 57       | LD A,I
ED 58       | IN E,(C)
ED 59       | OUT (C),E
ED 5A       | ADC HL,DE
ED 5B D4 96 | LD DE,(96D4h)
ED 5C       | NEG; ***
ED 5D       | RETN; ***
ED 5E       | IM 2
ED 5F       | LD A,R
ED 60       | IN H,(C)
ED 61       | OUT (C),H
ED 62       | SBC HL,HL
ED 63 6A B9 | LD (B96Ah),HL
ED 64       | NEG; ***
ED 65       | RETN; ***
ED 66       | IM 0; ***
ED 67       | RRD
ED 68       | IN L,(C)
ED 69       | OUT (C),L
ED 6A       | ADC HL,HL
ED 6B 2D 90 | LD HL,(902Dh)
ED 6C       | NEG; ***
ED 6D       | RETN; ***
ED 6E       | IM 0; ***
ED 6F       | RLD
ED 70       | IN (C); ***
ED 71       | OUT (C),0; ***
ED 72       | SBC HL,SP
ED 73 38 CF | LD (CF38h),SP
ED 74       | NEG; ***

; Page 40

ED 75       | RETN; ***
ED 76       | IM 1; ***
ED 78       | IN A,(C)
ED 79       | OUT (C),A
ED 7A       | ADC HL,SP
ED 7B E7 E3 | LD SP,(E3E7h)
ED 7C       | NEG; ***
ED 7D       | RETN; ***
ED 7E       | IM 2; ***
ED A0       | LDI
ED A1       | CPI
ED A2       | INI
ED A3       | OUTI
ED A8       | LDD
ED A9       | CPD
ED AA       | IND
ED AB       | OUTD
ED B0       | LDIR
ED B1       | CPIR
ED B2       | INIR
ED B3       | OTIR
ED B8       | LDDR
ED B9       | CPDR
ED BA       | INDR
ED BB       | OTDR
EE 12       | XOR 12h
EF          | RST 28h
F0          | RET P
F1          | POP AF
F2 2E E8    | JP P,E82Eh
F3          | DI
F4 05 65    | CALL P,6505h
F5          | PUSH AF
F6 7D       | OR 7Dh
F7          | RST 30h
F8          | RET M
F9          | LD SP,HL
FA 15 E8    | JP M,E815h
FB          | EI
FC BF A2    | CALL M,A2BFh
FD 09       | ADD IY,BC
FD 19       | ADD IY,DE
FD 21 54 4A | LD IY,4A54h
FD 22 A2 34 | LD (34A2h),IY
FD 23       | INC IY
FD 24       | INC IYH; ***
FD 25       | DEC IYH; ***
FD 26 24    | LD IYH,24h; ***
FD 29       | ADD IY,IY
FD 2A B4 5C | LD IY,(5CB4h)
FD 2B       | DEC IY
FD 2C       | INC IYL; ***
FD 2D       | DEC IYL; ***
FD 2E 42    | LD IYL,42h; ***
FD 34 1A    | INC (IY+1Ah)
FD 35 8B    | DEC (IY-75h)
FD 36 0B EF | LD (IY+Bh),EFh
FD 39       | ADD IY,SP
FD 44       | LD B,IYH; ***
FD 45       | LD B,IYL; ***
FD 46 14    | LD B,(IY+14h)
FD 4C       | LD C,IYH; ***
FD 4D       | LD C,IYL; ***
FD 4E 1C    | LD C,(IY+1Ch)
FD 54       | LD D,IYH; ***
FD 55       | LD D,IYL; ***
FD 56 7E    | LD D,(IY+7Eh)
FD 5C       | LD E,IYH; ***
FD 5D       | LD E,IYL; ***
FD 5E F1    | LD E,(IY-Fh)
FD 60       | LD IYH,B; ***
FD 61       | LD IYH,C; ***
FD 62       | LD IYH,D; ***
FD 63       | LD IYH,E; ***
FD 64       | LD IYH,IYH; ***
FD 65       | LD IYH,IYL; ***
FD 66 4A    | LD H,(IY+4Ah)
FD 67       | LD IYH,A; ***
FD 68       | LD IYL,B; ***
FD 69       | LD IYL,C; ***
FD 6A       | LD IYL,D; ***
FD 6B       | LD IYL,E; ***
FD 6C       | LD IYL,IYH; ***
FD 6D       | LD IYL,IYL; ***
FD 6E 7E    | LD L,(IY+7Eh)
FD 6F       | LD IYL,A; ***
FD 70 34    | LD (IY+34h),B
FD 71 A2    | LD (IY-5Eh),C
FD 72 09    | LD (IY+9h),D
FD 73 94    | LD (IY-6Ch),E
FD 74 ED    | LD (IY-13h),H
FD 75 49    | LD (IY+49h),L
FD 77 39    | LD (IY+39h),A
FD 7C       | LD A,IYH; ***
FD 7D       | LD A,IYL; ***
FD 7E 1D    | LD A,(IY+1Dh)
FD 84       | ADD A,IYH; ***
FD 85       | ADD A,IYL; ***
FD 86 0F    | ADD A,(IY+Fh)
FD 8C       | ADC A,IYH; ***
FD 8D       | ADC A,IYL; ***
FD 8E 0D    | ADC A,(IY+Dh)
FD 94       | SUB IYH; ***
FD 95       | SUB IYL; ***
FD 96 72    | SUB (IY+72h)
FD 9C       | SBC A,IYH; ***
FD 9D       | SBC A,IYL; ***
FD 9E 5C    | SBC A,(IY+5Ch)
FD A4       | AND IYH; ***
FD A5       | AND IYL; ***
FD A6 78    | AND (IY+78h)
FD AC       | XOR IYH; ***
FD AD       | XOR IYL; ***
FD AE 56    | XOR (IY+56h)
FD B4       | OR IYH; ***
FD B5       | OR IYL; ***
FD B6 AE    | OR (IY-52h)
FD BC       | CP IYH; ***
FD BD       | CP IYL; ***
FD BE 81    | CP (IY-7Fh)
FD CB 50 00 | RLC (IY+50h),B; ***
FD CB 74 01 | RLC (IY+74h),C; ***
FD CB 3B 02 | RLC (IY+3Bh),D; ***
FD CB 4F 03 | RLC (IY+4Fh),E; ***
FD CB AE 04 | RLC (IY-52h),H; ***
FD CB 66 05 | RLC (IY+66h),L; ***
FD CB 30 06 | RLC (IY+30h)
FD CB 13 07 | RLC (IY+13h),A; ***
FD CB 05 08 | RRC (IY+5h),B; ***
FD CB E2 09 | RRC (IY-1Eh),C; ***
FD CB 45 0A | RRC (IY+45h),D; ***
FD CB 5D 0B | RRC (IY+5Dh),E; ***
FD CB C3 0C | RRC (IY-3Dh),H; ***
FD CB 44 0D | RRC (IY+44h),L; ***
FD CB D0 0E | RRC (IY-30h)
FD CB CA 0F | RRC (IY-36h),A; ***
FD CB 19 10 | RL (IY+19h),B; ***
FD CB 73 11 | RL (IY+73h),C; ***
FD CB 7B 12 | RL (IY+7Bh),D; ***
FD CB D2 13 | RL (IY-2Eh),E; ***
FD CB E5 14 | RL (IY-1Bh),H; ***
FD CB 6B 15 | RL (IY+6Bh),L; ***
FD CB E7 16 | RL (IY-19h)
FD CB 50 17 | RL (IY+50h),A; ***
FD CB 9E 18 | RR (IY-62h),B; ***
FD CB 1F 19 | RR (IY+1Fh),C; ***
FD CB 16 1A | RR (IY+16h),D; ***
FD CB 94 1B | RR (IY-6Ch),E; ***
FD CB 07 1C | RR (IY+7h),H; ***
FD CB D8 1D | RR (IY-28h),L; ***
FD CB 8D 1E | RR (IY-73h)
FD CB 52 1F | RR (IY+52h),A; ***
FD CB FE 20 | SLA (IY-2h),B; ***
FD CB 03 21 | SLA (IY+3h),C; ***
FD CB C1 22 | SLA (IY-3Fh),D; ***
FD CB EB 23 | SLA (IY-15h),E; ***
FD CB 89 24 | SLA (IY-77h),H; ***
FD CB B3 25 | SLA (IY-4Dh),L; ***
FD CB 72 26 | SLA (IY+72h)
FD CB 07 27 | SLA (IY+7h),A; ***
FD CB 7F 28 | SRA (IY+7Fh),B; ***
FD CB 10 29 | SRA (IY+10h),C; ***
FD CB 19 2A | SRA (IY+19h),D; ***
FD CB AC 2B | SRA (IY-54h),E; ***
FD CB B4 2C | SRA (IY-4Ch),H; ***
FD CB 7D 2D | SRA (IY+7Dh),L; ***
FD CB 4A 2E | SRA (IY+4Ah)
FD CB 8B 2F | SRA (IY-75h),A; ***
FD CB 2C 30 | SLL (IY+2Ch),B; ***
FD CB 5A 31 | SLL (IY+5Ah),C; ***
FD CB D8 32 | SLL (IY-28h),D; ***
FD CB 9E 33 | SLL (IY-62h),E; ***
FD CB 60 34 | SLL (IY+60h),H; ***
FD CB 93 35 | SLL (IY-6Dh),L; ***
FD CB DA 36 | SLL (IY-26h); ***
FD CB A0 37 | SLL (IY-60h),A; ***
FD CB D0 38 | SRL (IY-30h),B; ***
FD CB 07 39 | SRL (IY+7h),C; ***
FD CB 52 3A | SRL (IY+52h),D; ***
FD CB DF 3B | SRL (IY-21h),E; ***
FD CB AF 3C | SRL (IY-51h),H; ***
FD CB 3F 3D | SRL (IY+3Fh),L; ***
FD CB 83 3E | SRL (IY-7Dh)
FD CB E3 3F | SRL (IY-1Dh),A; ***
FD CB 6E 40 | BIT 0,(IY+6Eh); ***
FD CB A3 41 | BIT 0,(IY-5Dh); ***
FD CB F3 42 | BIT 0,(IY-Dh); ***
FD CB AD 43 | BIT 0,(IY-53h); ***
FD CB 92 44 | BIT 0,(IY-6Eh); ***
FD CB 14 45 | BIT 0,(IY+14h); ***
FD CB 02 46 | BIT 0,(IY+2h)
FD CB 9E 47 | BIT 0,(IY-62h); ***
FD CB 58 48 | BIT 1,(IY+58h); ***
FD CB 52 49 | BIT 1,(IY+52h); ***
FD CB 50 4A | BIT 1,(IY+50h); ***
FD CB 55 4B | BIT 1,(IY+55h); ***
FD CB F1 4C | BIT 1,(IY-Fh); ***
FD CB 3D 4D | BIT 1,(IY+3Dh); ***
FD CB BA 4E | BIT 1,(IY-46h)
FD CB 0F 4F | BIT 1,(IY+Fh); ***
FD CB E7 50 | BIT 2,(IY-19h); ***
FD CB DF 51 | BIT 2,(IY-21h); ***
FD CB 6C 52 | BIT 2,(IY+6Ch); ***
FD CB FA 53 | BIT 2,(IY-6h); ***
FD CB EB 54 | BIT 2,(IY-15h); ***
FD CB EF 55 | BIT 2,(IY-11h); ***
FD CB 68 56 | BIT 2,(IY+68h)
FD CB FF 57 | BIT 2,(IY-1h); ***
FD CB 40 58 | BIT 3,(IY+40h); ***
FD CB 6F 59 | BIT 3,(IY+6Fh); ***
FD CB 3D 5A | BIT 3,(IY+3Dh); ***
FD CB D1 5B | BIT 3,(IY-2Fh); ***
FD CB F0 5C | BIT 3,(IY-10h); ***
FD CB E0 5D | BIT 3,(IY-20h); ***
FD CB 48 5E | BIT 3,(IY+48h)
FD CB E1 5F | BIT 3,(IY-1Fh); ***
FD CB 99 60 | BIT 4,(IY-67h); ***
FD CB EA 61 | BIT 4,(IY-16h); ***
FD CB F7 62 | BIT 4,(IY-9h); ***
FD CB C3 63 | BIT 4,(IY-3Dh); ***
FD CB 39 64 | BIT 4,(IY+39h); ***
FD CB F4 65 | BIT 4,(IY-Ch); ***
FD CB 83 66 | BIT 4,(IY-7Dh)
FD CB AD 67 | BIT 4,(IY-53h); ***
FD CB 9B 68 | BIT 5,(IY-65h); ***
FD CB 40 69 | BIT 5,(IY+40h); ***
FD CB 2A 6A | BIT 5,(IY+2Ah); ***
FD CB EF 6B | BIT 5,(IY-11h); ***
FD CB 8F 6C | BIT 5,(IY-71h); ***
FD CB 47 6D | BIT 5,(IY+47h); ***
FD CB D8 6E | BIT 5,(IY-28h)
FD CB D4 6F | BIT 5,(IY-2Ch); ***
FD CB AE 70 | BIT 6,(IY-52h); ***
FD CB 79 71 | BIT 6,(IY+79h); ***
FD CB D0 72 | BIT 6,(IY-30h); ***
FD CB 2D 73 | BIT 6,(IY+2Dh); ***
FD CB 95 74 | BIT 6,(IY-6Bh); ***
FD CB 9E 75 | BIT 6,(IY-62h); ***
FD CB BB 76 | BIT 6,(IY-45h)
FD CB E0 77 | BIT 6,(IY-20h); ***

; Page 41

FD CB 25 78 | BIT 7,(IY+25h); ***
FD CB A0 79 | BIT 7,(IY-60h); ***
FD CB 0E 7A | BIT 7,(IY+Eh); ***
FD CB 71 7B | BIT 7,(IY+71h); ***
FD CB F7 7C | BIT 7,(IY-9h); ***
FD CB C8 7D | BIT 7,(IY-38h); ***
FD CB 92 7E | BIT 7,(IY-6Eh)
FD CB 41 7F | BIT 7,(IY+41h); ***
FD CB 89 80 | RES 0,(IY-77h),B; ***
FD CB 9A 81 | RES 0,(IY-66h),C; ***
FD CB CF 82 | RES 0,(IY-31h),D; ***
FD CB 49 83 | RES 0,(IY+49h),E; ***
FD CB 75 84 | RES 0,(IY+75h),H; ***
FD CB 65 85 | RES 0,(IY+65h),L; ***
FD CB 5F 86 | RES 0,(IY+5Fh)
FD CB 67 87 | RES 0,(IY+67h),A; ***
FD CB CD 88 | RES 1,(IY-33h),B; ***
FD CB 91 89 | RES 1,(IY-6Fh),C; ***
FD CB C0 8A | RES 1,(IY-40h),D; ***
FD CB 94 8B | RES 1,(IY-6Ch),E; ***
FD CB 3F 8C | RES 1,(IY+3Fh),H; ***
FD CB 79 8D | RES 1,(IY+79h),L; ***
FD CB 35 8E | RES 1,(IY+35h)
FD CB 7B 8F | RES 1,(IY+7Bh),A; ***
FD CB 74 90 | RES 2,(IY+74h),B; ***
FD CB 0D 91 | RES 2,(IY+Dh),C; ***
FD CB 18 92 | RES 2,(IY+18h),D; ***
FD CB 97 93 | RES 2,(IY-69h),E; ***
FD CB 5A 94 | RES 2,(IY+5Ah),H; ***
FD CB DA 95 | RES 2,(IY-26h),L; ***
FD CB 7B 96 | RES 2,(IY+7Bh)
FD CB D9 97 | RES 2,(IY-27h),A; ***
FD CB 09 98 | RES 3,(IY+9h),B; ***
FD CB B9 99 | RES 3,(IY-47h),C; ***
FD CB B8 9A | RES 3,(IY-48h),D; ***
FD CB 4B 9B | RES 3,(IY+4Bh),E; ***
FD CB E2 9C | RES 3,(IY-1Eh),H; ***
FD CB 26 9D | RES 3,(IY+26h),L; ***
FD CB FC 9E | RES 3,(IY-4h)
FD CB 78 9F | RES 3,(IY+78h),A; ***
FD CB D6 A0 | RES 4,(IY-2Ah),B; ***
FD CB 69 A1 | RES 4,(IY+69h),C; ***
FD CB 14 A2 | RES 4,(IY+14h),D; ***
FD CB 60 A3 | RES 4,(IY+60h),E; ***
FD CB 0F A4 | RES 4,(IY+Fh),H; ***
FD CB 64 A5 | RES 4,(IY+64h),L; ***
FD CB 69 A6 | RES 4,(IY+69h)
FD CB 04 A7 | RES 4,(IY+4h),A; ***
FD CB 2C A8 | RES 5,(IY+2Ch),B; ***
FD CB 27 A9 | RES 5,(IY+27h),C; ***
FD CB 7C AA | RES 5,(IY+7Ch),D; ***
FD CB F7 AB | RES 5,(IY-9h),E; ***
FD CB E8 AC | RES 5,(IY-18h),H; ***
FD CB 60 AD | RES 5,(IY+60h),L; ***
FD CB 45 AE | RES 5,(IY+45h)
FD CB 83 AF | RES 5,(IY-7Dh),A; ***
FD CB 2D B0 | RES 6,(IY+2Dh),B; ***
FD CB 1F B1 | RES 6,(IY+1Fh),C; ***
FD CB 39 B2 | RES 6,(IY+39h),D; ***
FD CB DA B3 | RES 6,(IY-26h),E; ***
FD CB BA B4 | RES 6,(IY-46h),H; ***
FD CB 4A B5 | RES 6,(IY+4Ah),L; ***
FD CB 5A B6 | RES 6,(IY+5Ah)
FD CB A2 B7 | RES 6,(IY-5Eh),A; ***
FD CB CD B8 | RES 7,(IY-33h),B; ***
FD CB 8F B9 | RES 7,(IY-71h),C; ***
FD CB 3C BA | RES 7,(IY+3Ch),D; ***
FD CB 6A BB | RES 7,(IY+6Ah),E; ***
FD CB D4 BC | RES 7,(IY-2Ch),H; ***
FD CB 24 BD | RES 7,(IY+24h),L; ***
FD CB 00 BE | RES 7,(IY+0h)
FD CB C9 BF | RES 7,(IY-37h),A; ***
FD CB 90 C0 | SET 0,(IY-70h),B; ***
FD CB B7 C1 | SET 0,(IY-49h),C; ***
FD CB 9A C2 | SET 0,(IY-66h),D; ***
FD CB 16 C3 | SET 0,(IY+16h),E; ***
FD CB 25 C4 | SET 0,(IY+25h),H; ***
FD CB 87 C5 | SET 0,(IY-79h),L; ***
FD CB DA C6 | SET 0,(IY-26h)
FD CB 7F C7 | SET 0,(IY+7Fh),A; ***
FD CB 89 C8 | SET 1,(IY-77h),B; ***
FD CB 6A C9 | SET 1,(IY+6Ah),C; ***
FD CB F2 CA | SET 1,(IY-Eh),D; ***
FD CB 73 CB | SET 1,(IY+73h),E; ***
FD CB 68 CC | SET 1,(IY+68h),H; ***
FD CB C6 CD | SET 1,(IY-3Ah),L; ***
FD CB 06 CE | SET 1,(IY+6h)
FD CB 62 CF | SET 1,(IY+62h),A; ***
FD CB 0D D0 | SET 2,(IY+Dh),B; ***
FD CB 96 D1 | SET 2,(IY-6Ah),C; ***
FD CB AA D2 | SET 2,(IY-56h),D; ***
FD CB C8 D3 | SET 2,(IY-38h),E; ***
FD CB 3A D4 | SET 2,(IY+3Ah),H; ***
FD CB 6A D5 | SET 2,(IY+6Ah),L; ***
FD CB D8 D6 | SET 2,(IY-28h)
FD CB 6F D7 | SET 2,(IY+6Fh),A; ***
FD CB 68 D8 | SET 3,(IY+68h),B; ***
FD CB 3A D9 | SET 3,(IY+3Ah),C; ***
FD CB 08 DA | SET 3,(IY+8h),D; ***
FD CB 75 DB | SET 3,(IY+75h),E; ***
FD CB 45 DC | SET 3,(IY+45h),H; ***
FD CB E2 DD | SET 3,(IY-1Eh),L; ***
FD CB 5B DE | SET 3,(IY+5Bh)
FD CB 1E DF | SET 3,(IY+1Eh),A; ***
FD CB 29 E0 | SET 4,(IY+29h),B; ***
FD CB BB E1 | SET 4,(IY-45h),C; ***
FD CB 17 E2 | SET 4,(IY+17h),D; ***
FD CB BC E3 | SET 4,(IY-44h),E; ***
FD CB 7C E4 | SET 4,(IY+7Ch),H; ***
FD CB C4 E5 | SET 4,(IY-3Ch),L; ***
FD CB FB E6 | SET 4,(IY-5h)
FD CB BA E7 | SET 4,(IY-46h),A; ***
FD CB 1D E8 | SET 5,(IY+1Dh),B; ***
FD CB 76 E9 | SET 5,(IY+76h),C; ***
FD CB 09 EA | SET 5,(IY+9h),D; ***
FD CB 1A EB | SET 5,(IY+1Ah),E; ***
FD CB 89 EC | SET 5,(IY-77h),H; ***
FD CB 9D ED | SET 5,(IY-63h),L; ***
FD CB D0 EE | SET 5,(IY-30h)
FD CB A0 EF | SET 5,(IY-60h),A; ***
FD CB F1 F0 | SET 6,(IY-Fh),B; ***
FD CB FC F1 | SET 6,(IY-4h),C; ***
FD CB F9 F2 | SET 6,(IY-7h),D; ***
FD CB DC F3 | SET 6,(IY-24h),E; ***
FD CB 9C F4 | SET 6,(IY-64h),H; ***
FD CB C5 F5 | SET 6,(IY-3Bh),L; ***
FD CB 53 F6 | SET 6,(IY+53h)
FD CB 65 F7 | SET 6,(IY+65h),A; ***
FD CB 1C F8 | SET 7,(IY+1Ch),B; ***
FD CB 80 F9 | SET 7,(IY-80h),C; ***
FD CB 80 FA | SET 7,(IY-80h),D; ***
FD CB E4 FB | SET 7,(IY-1Ch),E; ***
FD CB BD FC | SET 7,(IY-43h),H; ***
FD CB 36 FD | SET 7,(IY+36h),L; ***
FD CB 7A FE | SET 7,(IY+7Ah)
FD CB 69 FF | SET 7,(IY+69h),A; ***
FD E1       | POP IY
FD E3       | EX (SP),IY
FD E5       | PUSH IY
FD E9       | JP (IY)
FD F9       | LD SP,IY
FE B1       | CP B1h
FF          | RST 38h
